
> pfe-front@0.0.0 test
> ng test --watch=false --browsers=ChromeHeadless --include=src/app/core/utils/ml-payload.validator.spec.ts --include=src/app/core/services/predictive-api.service.spec.ts --include=src/app/pages/ml-integration/ml-integration.component.spec.ts --include=src/app/pages/predictive-dashboard/predictive-dashboard.component.spec.ts --include=src/app/app.component.spec.ts

npm : - Generating browser application bundles (phase: setup)...
At line:1 char:1
+ npm run test -- --watch=false --browsers=ChromeHeadless --include=src ...
+ ~~~~~~~~~~~~~~~~~~~~~~~~~~~~~~~~~~~~~~~~~~~~~~~~~~~~~~~~~~~~~~~~~~~~~
    + CategoryInfo          : NotSpecified: (- Generating br...hase: setup)... 
   :String) [], RemoteException
    + FullyQualifiedErrorId : NativeCommandError
 
Ô£ö Browser application bundle generation complete.
09 04 2026 16:33:44.635:INFO [karma-server]: Karma v6.4.4 server started at http://localhost:9876/
09 04 2026 16:33:44.637:INFO [launcher]: Launching browsers ChromeHeadless with concurrency unlimited
09 04 2026 16:33:44.648:INFO [launcher]: Starting browser ChromeHeadless
09 04 2026 16:33:45.742:INFO [Chrome Headless 146.0.0.0 (Windows 10)]: Connected on socket 5mTBsaF6UBFHyBJEAAAB with id 4004610
Chrome Headless 146.0.0.0 (Windows 10): Executed 0 of 26 SUCCESS (0 secs / 0 secs)
[1A[2KChrome Headless 146.0.0.0 (Windows 10): Executed 1 of 26 SUCCESS (0 secs / 0.014 secs)
[1A[2KChrome Headless 146.0.0.0 (Windows 10): Executed 2 of 26 SUCCESS (0 secs / 0.018 secs)
[1A[2KChrome Headless 146.0.0.0 (Windows 10): Executed 3 of 26 SUCCESS (0 secs / 0.022 secs)
[1A[2KChrome Headless 146.0.0.0 (Windows 10): Executed 4 of 26 SUCCESS (0 secs / 0.025 secs)
[1A[2KChrome Headless 146.0.0.0 (Windows 10): Executed 5 of 26 SUCCESS (0 secs / 0.027 secs)
[1A[2KChrome Headless 146.0.0.0 (Windows 10): Executed 6 of 26 SUCCESS (0 secs / 0.029 secs)
[1A[2KChrome Headless 146.0.0.0 (Windows 10): Executed 7 of 26 SUCCESS (0 secs / 0.03 secs)
[1A[2KChrome Headless 146.0.0.0 (Windows 10): Executed 8 of 26 SUCCESS (0 secs / 0.03 secs)
[1A[2KChrome Headless 146.0.0.0 (Windows 10): Executed 9 of 26 SUCCESS (0 secs / 0.031 secs)
[1A[2KChrome Headless 146.0.0.0 (Windows 10): Executed 10 of 26 SUCCESS (0 secs / 0.031 secs)
[1A[2KChrome Headless 146.0.0.0 (Windows 10): Executed 11 of 26 SUCCESS (0 secs / 0.158 secs)
[1A[2KChrome Headless 146.0.0.0 (Windows 10): Executed 12 of 26 SUCCESS (0 secs / 0.167 secs)
[1A[2KChrome Headless 146.0.0.0 (Windows 10): Executed 13 of 26 SUCCESS (0 secs / 0.174 secs)
[1A[2KChrome Headless 146.0.0.0 (Windows 10): Executed 14 of 26 SUCCESS (0 secs / 0.181 secs)
[1A[2KChrome Headless 146.0.0.0 (Windows 10): Executed 15 of 26 SUCCESS (0 secs / 0.188 secs)
[1A[2KChrome Headless 146.0.0.0 (Windows 10): Executed 16 of 26 SUCCESS (0 secs / 0.194 secs)
[1A[2KChrome Headless 146.0.0.0 (Windows 10): Executed 17 of 26 SUCCESS (0 secs / 0.199 secs)
[1A[2KChrome Headless 146.0.0.0 (Windows 10): Executed 18 of 26 SUCCESS (0 secs / 0.204 secs)
[1A[2KChrome Headless 146.0.0.0 (Windows 10): Executed 19 of 26 SUCCESS (0 secs / 0.21 secs)
[1A[2KChrome Headless 146.0.0.0 (Windows 10): Executed 20 of 26 SUCCESS (0 secs / 0.246 secs)
[1A[2KChrome Headless 146.0.0.0 (Windows 10): Executed 21 of 26 SUCCESS (0 secs / 0.268 secs)
[1A[2KChrome Headless 146.0.0.0 (Windows 10): Executed 22 of 26 SUCCESS (0 secs / 0.281 secs)
[1A[2KChrome Headless 146.0.0.0 (Windows 10): Executed 23 of 26 SUCCESS (0 secs / 0.293 secs)
[1A[2KChrome Headless 146.0.0.0 (Windows 10): Executed 24 of 26 SUCCESS (0 secs / 0.298 secs)
[1A[2KChrome Headless 146.0.0.0 (Windows 10): Executed 25 of 26 SUCCESS (0 secs / 0.3 secs)
[1A[2KChrome Headless 146.0.0.0 (Windows 10): Executed 26 of 26 SUCCESS (0 secs / 0.301 secs)
[1A[2KChrome Headless 146.0.0.0 (Windows 10): Executed 26 of 26 SUCCESS (0.327 secs / 0.301 secs)
TOTAL: 26 SUCCESS
Ô£ö Browser application bundle generation complete.
Ô£ö Browser application bundle generation complete.
